
================================================================================
 REPORTES EJECUTIVO : B┌SQUEDA LOG═STICA
 T╔RMINO: 'LEAD'
================================================================================

 [PILLAR LOG═STICO]: 1. SUPPLY CHAIN STRATEGIST
-----------------------------------------------
